{"at":"2026-09-08T14:13:18.767Z","id":"run_7879fb971341499a81c1","status":"running","progress":{"phase":"research","completed_warmup_sessions":0,"total_warmup_sessions":0,"completed_research_sessions":704,"total_research_sessions":4044,"committed_chunk_count":11,"last_completed_warmup_session":null,"last_completed_research_session":"2012-11-26","remaining_duration_estimate_seconds":139,"duration_is_estimate":true},"seconds":30.793555}
{"at":"2026-09-08T14:13:19.408Z","id":"run_582966164e64471185f9","status":"running","progress":{"phase":"research","completed_warmup_sessions":0,"total_warmup_sessions":0,"completed_research_sessions":704,"total_research_sessions":4044,"committed_chunk_count":11,"last_completed_warmup_session":null,"last_completed_research_session":"2012-11-26","remaining_duration_estimate_seconds":140,"duration_is_estimate":true},"seconds":30.852497}
{"at":"2026-09-08T14:13:19.959Z","id":"batch_80a1049699b94a5e9202","status":"running","progress":{"shared_alpha_factor_status":"running","completed_strategy_tasks":0,"total_strategy_tasks":1},"seconds":11.705282}
{"at":"2026-09-08T14:13:20.489Z","id":"batch_daae5a3839274370b709","status":"queued","progress":{"shared_alpha_factor_status":"pending","completed_strategy_tasks":0,"total_strategy_tasks":1},"seconds":null}
{"at":"2026-09-08T14:13:36.152Z","id":"run_7879fb971341499a81c1","status":"running","progress":{"phase":"research","completed_warmup_sessions":0,"total_warmup_sessions":0,"completed_research_sessions":1088,"total_research_sessions":4044,"committed_chunk_count":17,"last_completed_warmup_session":null,"last_completed_research_session":"2014-07-02","remaining_duration_estimate_seconds":130,"duration_is_estimate":true},"seconds":48.19782}
{"at":"2026-09-08T14:13:37.587Z","id":"run_582966164e64471185f9","status":"running","progress":{"phase":"research","completed_warmup_sessions":0,"total_warmup_sessions":0,"completed_research_sessions":1088,"total_research_sessions":4044,"committed_chunk_count":17,"last_completed_warmup_session":null,"last_completed_research_session":"2014-07-02","remaining_duration_estimate_seconds":132,"duration_is_estimate":true},"seconds":48.398924}
{"at":"2026-09-08T14:13:38.804Z","id":"batch_80a1049699b94a5e9202","status":"running","progress":{"shared_alpha_factor_status":"running","completed_strategy_tasks":0,"total_strategy_tasks":1},"seconds":29.904599}
{"at":"2026-09-08T14:13:39.464Z","id":"batch_daae5a3839274370b709","status":"running","progress":{"shared_alpha_factor_status":"running","completed_strategy_tasks":0,"total_strategy_tasks":1},"seconds":15.885887}
{"at":"2026-09-08T14:13:55.616Z","id":"run_7879fb971341499a81c1","status":"running","progress":{"phase":"research","completed_warmup_sessions":0,"total_warmup_sessions":0,"completed_research_sessions":1472,"total_research_sessions":4044,"committed_chunk_count":23,"last_completed_warmup_session":null,"last_completed_research_session":"2016-01-25","remaining_duration_estimate_seconds":119,"duration_is_estimate":true},"seconds":67.131439}
{"at":"2026-09-08T14:13:56.475Z","id":"run_582966164e64471185f9","status":"running","progress":{"phase":"research","completed_warmup_sessions":0,"total_warmup_sessions":0,"completed_research_sessions":1472,"total_research_sessions":4044,"committed_chunk_count":23,"last_completed_warmup_session":null,"last_completed_research_session":"2016-01-25","remaining_duration_estimate_seconds":121,"duration_is_estimate":true},"seconds":67.857155}
{"at":"2026-09-08T14:13:57.544Z","id":"batch_80a1049699b94a5e9202","status":"running","progress":{"shared_alpha_factor_status":"running","completed_strategy_tasks":0,"total_strategy_tasks":1},"seconds":48.918079}
{"at":"2026-09-08T14:13:58.382Z","id":"batch_daae5a3839274370b709","status":"running","progress":{"shared_alpha_factor_status":"running","completed_strategy_tasks":0,"total_strategy_tasks":1},"seconds":34.708088}
{"at":"2026-09-08T14:14:15.652Z","id":"run_7879fb971341499a81c1","status":"running","progress":{"phase":"research","completed_warmup_sessions":0,"total_warmup_sessions":0,"completed_research_sessions":1792,"total_research_sessions":4044,"committed_chunk_count":28,"last_completed_warmup_session":null,"last_completed_research_session":"2017-05-22","remaining_duration_estimate_seconds":110,"duration_is_estimate":true},"seconds":86.221689}
{"at":"2026-09-08T14:14:17.116Z","id":"run_582966164e64471185f9","status":"running","progress":{"phase":"research","completed_warmup_sessions":0,"total_warmup_sessions":0,"completed_research_sessions":1792,"total_research_sessions":4044,"committed_chunk_count":28,"last_completed_warmup_session":null,"last_completed_research_session":"2017-05-22","remaining_duration_estimate_seconds":111,"duration_is_estimate":true},"seconds":87.917137}
{"at":"2026-09-08T14:14:18.000Z","id":"batch_80a1049699b94a5e9202","status":"running","progress":{"shared_alpha_factor_status":"running","completed_strategy_tasks":0,"total_strategy_tasks":1},"seconds":69.595322}
{"at":"2026-09-08T14:14:18.601Z","id":"batch_daae5a3839274370b709","status":"running","progress":{"shared_alpha_factor_status":"running","completed_strategy_tasks":0,"total_strategy_tasks":1},"seconds":55.149541}
{"at":"2026-09-08T14:14:34.302Z","id":"run_7879fb971341499a81c1","status":"running","progress":{"phase":"research","completed_warmup_sessions":0,"total_warmup_sessions":0,"completed_research_sessions":2112,"total_research_sessions":4044,"committed_chunk_count":33,"last_completed_warmup_session":null,"last_completed_research_session":"2018-09-06","remaining_duration_estimate_seconds":99,"duration_is_estimate":true},"seconds":106.322788}
{"at":"2026-09-08T14:14:35.099Z","id":"run_582966164e64471185f9","status":"running","progress":{"phase":"research","completed_warmup_sessions":0,"total_warmup_sessions":0,"completed_research_sessions":2112,"total_research_sessions":4044,"committed_chunk_count":33,"last_completed_warmup_session":null,"last_completed_research_session":"2018-09-06","remaining_duration_estimate_seconds":99,"duration_is_estimate":true},"seconds":106.496961}
{"at":"2026-09-08T14:14:35.663Z","id":"batch_80a1049699b94a5e9202","status":"running","progress":{"shared_alpha_factor_status":"running","completed_strategy_tasks":0,"total_strategy_tasks":1},"seconds":87.390337}
{"at":"2026-09-08T14:14:36.462Z","id":"batch_daae5a3839274370b709","status":"running","progress":{"shared_alpha_factor_status":"running","completed_strategy_tasks":0,"total_strategy_tasks":1},"seconds":72.720238}
{"at":"2026-09-08T14:14:52.152Z","id":"run_7879fb971341499a81c1","status":"running","progress":{"phase":"research","completed_warmup_sessions":0,"total_warmup_sessions":0,"completed_research_sessions":2432,"total_research_sessions":4044,"committed_chunk_count":38,"last_completed_warmup_session":null,"last_completed_research_session":"2020-01-02","remaining_duration_estimate_seconds":85,"duration_is_estimate":true},"seconds":124.220363}
{"at":"2026-09-08T14:14:53.193Z","id":"run_582966164e64471185f9","status":"running","progress":{"phase":"research","completed_warmup_sessions":0,"total_warmup_sessions":0,"completed_research_sessions":2432,"total_research_sessions":4044,"committed_chunk_count":38,"last_completed_warmup_session":null,"last_completed_research_session":"2020-01-02","remaining_duration_estimate_seconds":85,"duration_is_estimate":true},"seconds":124.354047}
{"at":"2026-09-08T14:14:54.057Z","id":"batch_80a1049699b94a5e9202","status":"running","progress":{"shared_alpha_factor_status":"running","completed_strategy_tasks":0,"total_strategy_tasks":1},"seconds":105.720665}
{"at":"2026-09-08T14:14:54.614Z","id":"batch_daae5a3839274370b709","status":"running","progress":{"shared_alpha_factor_status":"running","completed_strategy_tasks":0,"total_strategy_tasks":1},"seconds":91.163918}
{"at":"2026-09-08T14:15:10.141Z","id":"run_7879fb971341499a81c1","status":"running","progress":{"phase":"research","completed_warmup_sessions":0,"total_warmup_sessions":0,"completed_research_sessions":2688,"total_research_sessions":4044,"committed_chunk_count":42,"last_completed_warmup_session":null,"last_completed_research_session":"2021-01-21","remaining_duration_estimate_seconds":75,"duration_is_estimate":true},"seconds":142.297053}
{"at":"2026-09-08T14:15:10.693Z","id":"run_582966164e64471185f9","status":"running","progress":{"phase":"research","completed_warmup_sessions":0,"total_warmup_sessions":0,"completed_research_sessions":2688,"total_research_sessions":4044,"committed_chunk_count":42,"last_completed_warmup_session":null,"last_completed_research_session":"2021-01-21","remaining_duration_estimate_seconds":74,"duration_is_estimate":true},"seconds":142.282715}
{"at":"2026-09-08T14:15:11.235Z","id":"batch_80a1049699b94a5e9202","status":"running","progress":{"shared_alpha_factor_status":"running","completed_strategy_tasks":0,"total_strategy_tasks":1},"seconds":123.009243}
{"at":"2026-09-08T14:15:11.712Z","id":"batch_daae5a3839274370b709","status":"running","progress":{"shared_alpha_factor_status":"running","completed_strategy_tasks":0,"total_strategy_tasks":1},"seconds":108.253803}
{"at":"2026-09-08T14:15:27.298Z","id":"run_7879fb971341499a81c1","status":"running","progress":{"phase":"research","completed_warmup_sessions":0,"total_warmup_sessions":0,"completed_research_sessions":2944,"total_research_sessions":4044,"committed_chunk_count":46,"last_completed_warmup_session":null,"last_completed_research_session":"2022-02-16","remaining_duration_estimate_seconds":63,"duration_is_estimate":true},"seconds":159.511703}
{"at":"2026-09-08T14:15:27.882Z","id":"run_582966164e64471185f9","status":"running","progress":{"phase":"research","completed_warmup_sessions":0,"total_warmup_sessions":0,"completed_research_sessions":2944,"total_research_sessions":4044,"committed_chunk_count":46,"last_completed_warmup_session":null,"last_completed_research_session":"2022-02-16","remaining_duration_estimate_seconds":62,"duration_is_estimate":true},"seconds":159.517175}
{"at":"2026-09-08T14:15:28.643Z","id":"batch_80a1049699b94a5e9202","status":"running","progress":{"shared_alpha_factor_status":"running","completed_strategy_tasks":0,"total_strategy_tasks":1},"seconds":140.283061}
{"at":"2026-09-08T14:15:29.860Z","id":"batch_daae5a3839274370b709","status":"running","progress":{"shared_alpha_factor_status":"running","completed_strategy_tasks":0,"total_strategy_tasks":1},"seconds":126.009524}
{"at":"2026-09-08T14:15:45.479Z","id":"run_7879fb971341499a81c1","status":"running","progress":{"phase":"research","completed_warmup_sessions":0,"total_warmup_sessions":0,"completed_research_sessions":3200,"total_research_sessions":4044,"committed_chunk_count":50,"last_completed_warmup_session":null,"last_completed_research_session":"2023-03-07","remaining_duration_estimate_seconds":50,"duration_is_estimate":true},"seconds":177.685261}
{"at":"2026-09-08T14:15:46.265Z","id":"run_582966164e64471185f9","status":"running","progress":{"phase":"research","completed_warmup_sessions":0,"total_warmup_sessions":0,"completed_research_sessions":3200,"total_research_sessions":4044,"committed_chunk_count":50,"last_completed_warmup_session":null,"last_completed_research_session":"2023-03-07","remaining_duration_estimate_seconds":50,"duration_is_estimate":true},"seconds":177.706578}
{"at":"2026-09-08T14:15:47.289Z","id":"batch_80a1049699b94a5e9202","status":"running","progress":{"shared_alpha_factor_status":"running","completed_strategy_tasks":0,"total_strategy_tasks":1},"seconds":158.675962}
{"at":"2026-09-08T14:15:48.268Z","id":"batch_daae5a3839274370b709","status":"running","progress":{"shared_alpha_factor_status":"running","completed_strategy_tasks":0,"total_strategy_tasks":1},"seconds":144.477225}
{"at":"2026-09-08T14:16:04.046Z","id":"run_7879fb971341499a81c1","status":"running","progress":{"phase":"research","completed_warmup_sessions":0,"total_warmup_sessions":0,"completed_research_sessions":3456,"total_research_sessions":4044,"committed_chunk_count":54,"last_completed_warmup_session":null,"last_completed_research_session":"2024-03-26","remaining_duration_estimate_seconds":36,"duration_is_estimate":true},"seconds":196.040357}
{"at":"2026-09-08T14:16:04.587Z","id":"run_582966164e64471185f9","status":"running","progress":{"phase":"research","completed_warmup_sessions":0,"total_warmup_sessions":0,"completed_research_sessions":3456,"total_research_sessions":4044,"committed_chunk_count":54,"last_completed_warmup_session":null,"last_completed_research_session":"2024-03-26","remaining_duration_estimate_seconds":36,"duration_is_estimate":true},"seconds":196.18493}
{"at":"2026-09-08T14:16:05.036Z","id":"batch_80a1049699b94a5e9202","status":"running","progress":{"shared_alpha_factor_status":"running","completed_strategy_tasks":0,"total_strategy_tasks":1},"seconds":176.856068}
{"at":"2026-09-08T14:16:05.608Z","id":"batch_daae5a3839274370b709","status":"running","progress":{"shared_alpha_factor_status":"running","completed_strategy_tasks":0,"total_strategy_tasks":1},"seconds":162.055211}
{"at":"2026-09-08T14:16:21.148Z","id":"run_7879fb971341499a81c1","status":"running","progress":{"phase":"research","completed_warmup_sessions":0,"total_warmup_sessions":0,"completed_research_sessions":3712,"total_research_sessions":4044,"committed_chunk_count":58,"last_completed_warmup_session":null,"last_completed_research_session":"2025-04-17","remaining_duration_estimate_seconds":22,"duration_is_estimate":true},"seconds":213.283424}
{"at":"2026-09-08T14:16:21.676Z","id":"run_582966164e64471185f9","status":"running","progress":{"phase":"research","completed_warmup_sessions":0,"total_warmup_sessions":0,"completed_research_sessions":3776,"total_research_sessions":4044,"committed_chunk_count":59,"last_completed_warmup_session":null,"last_completed_research_session":"2025-07-22","remaining_duration_estimate_seconds":19,"duration_is_estimate":true},"seconds":213.311804}
{"at":"2026-09-08T14:16:22.240Z","id":"batch_80a1049699b94a5e9202","status":"running","progress":{"shared_alpha_factor_status":"running","completed_strategy_tasks":0,"total_strategy_tasks":1},"seconds":193.971331}
{"at":"2026-09-08T14:16:22.837Z","id":"batch_daae5a3839274370b709","status":"running","progress":{"shared_alpha_factor_status":"running","completed_strategy_tasks":0,"total_strategy_tasks":1},"seconds":179.305063}
{"at":"2026-09-08T14:16:40.001Z","id":"run_7879fb971341499a81c1","status":"running","progress":{"phase":"research","completed_warmup_sessions":0,"total_warmup_sessions":0,"completed_research_sessions":4032,"total_research_sessions":4044,"committed_chunk_count":63,"last_completed_warmup_session":null,"last_completed_research_session":"2026-08-11","remaining_duration_estimate_seconds":4,"duration_is_estimate":true},"seconds":230.591764}
{"at":"2026-09-08T14:16:41.040Z","id":"run_582966164e64471185f9","status":"running","progress":{"phase":"finalizing","completed_warmup_sessions":0,"total_warmup_sessions":0,"completed_research_sessions":4044,"total_research_sessions":4044,"committed_chunk_count":64,"last_completed_warmup_session":null,"last_completed_research_session":"2026-08-27","remaining_duration_estimate_seconds":null,"duration_is_estimate":true},"seconds":232.159648}
{"at":"2026-09-08T14:16:42.267Z","id":"batch_80a1049699b94a5e9202","status":"running","progress":{"shared_alpha_factor_status":"running","completed_strategy_tasks":0,"total_strategy_tasks":1},"seconds":213.359503}
{"at":"2026-09-08T14:16:43.279Z","id":"batch_daae5a3839274370b709","status":"running","progress":{"shared_alpha_factor_status":"running","completed_strategy_tasks":0,"total_strategy_tasks":1},"seconds":199.3246}
{"at":"2026-09-08T14:16:59.022Z","id":"run_7879fb971341499a81c1","status":"succeeded","progress":{"phase":"succeeded","completed_warmup_sessions":0,"total_warmup_sessions":0,"completed_research_sessions":4044,"total_research_sessions":4044,"committed_chunk_count":64,"last_completed_warmup_session":null,"last_completed_research_session":"2026-08-27","remaining_duration_estimate_seconds":null,"duration_is_estimate":true},"seconds":233.235667}
{"at":"2026-09-08T14:17:00.218Z","id":"run_582966164e64471185f9","status":"succeeded","progress":{"phase":"succeeded","completed_warmup_sessions":0,"total_warmup_sessions":0,"completed_research_sessions":4044,"total_research_sessions":4044,"committed_chunk_count":64,"last_completed_warmup_session":null,"last_completed_research_session":"2026-08-27","remaining_duration_estimate_seconds":null,"duration_is_estimate":true},"seconds":232.618194}
{"at":"2026-09-08T14:17:01.220Z","id":"batch_80a1049699b94a5e9202","status":"running","progress":{"shared_alpha_factor_status":"running","completed_strategy_tasks":0,"total_strategy_tasks":1},"seconds":232.522568}
{"at":"2026-09-08T14:17:02.795Z","id":"batch_daae5a3839274370b709","status":"running","progress":{"shared_alpha_factor_status":"running","completed_strategy_tasks":0,"total_strategy_tasks":1},"seconds":218.228952}
{"at":"2026-09-08T14:17:18.513Z","id":"batch_80a1049699b94a5e9202","status":"running","progress":{"shared_alpha_factor_status":"running","completed_strategy_tasks":0,"total_strategy_tasks":1},"seconds":250.08711}
{"at":"2026-09-08T14:17:19.444Z","id":"batch_daae5a3839274370b709","status":"running","progress":{"shared_alpha_factor_status":"running","completed_strategy_tasks":0,"total_strategy_tasks":1},"seconds":235.541581}
{"at":"2026-09-08T14:17:34.987Z","id":"batch_80a1049699b94a5e9202","status":"running","progress":{"shared_alpha_factor_status":"running","completed_strategy_tasks":0,"total_strategy_tasks":1},"seconds":266.763618}
{"at":"2026-09-08T14:17:35.535Z","id":"batch_daae5a3839274370b709","status":"running","progress":{"shared_alpha_factor_status":"running","completed_strategy_tasks":0,"total_strategy_tasks":1},"seconds":251.983987}
{"at":"2026-09-08T14:17:51.124Z","id":"batch_80a1049699b94a5e9202","status":"running","progress":{"shared_alpha_factor_status":"succeeded","completed_strategy_tasks":0,"total_strategy_tasks":1},"seconds":282.825207}
{"at":"2026-09-08T14:17:51.797Z","id":"batch_daae5a3839274370b709","status":"running","progress":{"shared_alpha_factor_status":"running","completed_strategy_tasks":0,"total_strategy_tasks":1},"seconds":268.177532}
{"at":"2026-09-08T14:18:07.401Z","id":"batch_80a1049699b94a5e9202","status":"running","progress":{"shared_alpha_factor_status":"succeeded","completed_strategy_tasks":0,"total_strategy_tasks":1},"seconds":299.224012}
{"at":"2026-09-08T14:18:08.603Z","id":"batch_daae5a3839274370b709","status":"running","progress":{"shared_alpha_factor_status":"running","completed_strategy_tasks":0,"total_strategy_tasks":1},"seconds":284.515964}
{"at":"2026-09-08T14:18:24.940Z","id":"batch_80a1049699b94a5e9202","status":"running","progress":{"shared_alpha_factor_status":"succeeded","completed_strategy_tasks":0,"total_strategy_tasks":1},"seconds":316.081622}
{"at":"2026-09-08T14:18:25.630Z","id":"batch_daae5a3839274370b709","status":"running","progress":{"shared_alpha_factor_status":"succeeded","completed_strategy_tasks":0,"total_strategy_tasks":1},"seconds":301.927989}
{"at":"2026-09-08T14:18:41.282Z","id":"batch_80a1049699b94a5e9202","status":"running","progress":{"shared_alpha_factor_status":"succeeded","completed_strategy_tasks":0,"total_strategy_tasks":1},"seconds":332.937742}
{"at":"2026-09-08T14:18:41.788Z","id":"batch_daae5a3839274370b709","status":"running","progress":{"shared_alpha_factor_status":"succeeded","completed_strategy_tasks":0,"total_strategy_tasks":1},"seconds":318.279133}
{"at":"2026-09-08T14:18:58.221Z","id":"batch_80a1049699b94a5e9202","status":"running","progress":{"shared_alpha_factor_status":"succeeded","completed_strategy_tasks":0,"total_strategy_tasks":1},"seconds":349.179756}
{"at":"2026-09-08T14:18:59.607Z","id":"batch_daae5a3839274370b709","status":"running","progress":{"shared_alpha_factor_status":"succeeded","completed_strategy_tasks":0,"total_strategy_tasks":1},"seconds":335.315708}
{"at":"2026-09-08T14:19:15.856Z","id":"batch_80a1049699b94a5e9202","status":"running","progress":{"shared_alpha_factor_status":"succeeded","completed_strategy_tasks":0,"total_strategy_tasks":1},"seconds":367.012803}
{"at":"2026-09-08T14:19:17.294Z","id":"batch_daae5a3839274370b709","status":"running","progress":{"shared_alpha_factor_status":"succeeded","completed_strategy_tasks":0,"total_strategy_tasks":1},"seconds":353.073545}
{"at":"2026-09-08T14:19:32.968Z","id":"batch_80a1049699b94a5e9202","status":"running","progress":{"shared_alpha_factor_status":"succeeded","completed_strategy_tasks":0,"total_strategy_tasks":1},"seconds":384.652971}
{"at":"2026-09-08T14:19:33.476Z","id":"batch_daae5a3839274370b709","status":"running","progress":{"shared_alpha_factor_status":"succeeded","completed_strategy_tasks":0,"total_strategy_tasks":1},"seconds":369.957774}
{"at":"2026-09-08T14:19:49.017Z","id":"batch_80a1049699b94a5e9202","status":"running","progress":{"shared_alpha_factor_status":"succeeded","completed_strategy_tasks":0,"total_strategy_tasks":1},"seconds":400.755656}
{"at":"2026-09-08T14:19:49.716Z","id":"batch_daae5a3839274370b709","status":"running","progress":{"shared_alpha_factor_status":"succeeded","completed_strategy_tasks":0,"total_strategy_tasks":1},"seconds":386.012321}
{"at":"2026-09-08T14:20:06.135Z","id":"batch_80a1049699b94a5e9202","status":"running","progress":{"shared_alpha_factor_status":"succeeded","completed_strategy_tasks":0,"total_strategy_tasks":1},"seconds":417.154857}
{"at":"2026-09-08T14:20:07.202Z","id":"batch_daae5a3839274370b709","status":"running","progress":{"shared_alpha_factor_status":"succeeded","completed_strategy_tasks":0,"total_strategy_tasks":1},"seconds":403.338521}
{"at":"2026-09-08T14:20:23.010Z","id":"batch_80a1049699b94a5e9202","status":"running","progress":{"shared_alpha_factor_status":"succeeded","completed_strategy_tasks":0,"total_strategy_tasks":1},"seconds":434.633738}
{"at":"2026-09-08T14:20:23.627Z","id":"batch_daae5a3839274370b709","status":"running","progress":{"shared_alpha_factor_status":"succeeded","completed_strategy_tasks":0,"total_strategy_tasks":1},"seconds":420.185691}
{"at":"2026-09-08T14:20:39.317Z","id":"batch_80a1049699b94a5e9202","status":"running","progress":{"shared_alpha_factor_status":"succeeded","completed_strategy_tasks":0,"total_strategy_tasks":1},"seconds":450.983027}
{"at":"2026-09-08T14:20:40.420Z","id":"batch_daae5a3839274370b709","status":"running","progress":{"shared_alpha_factor_status":"succeeded","completed_strategy_tasks":0,"total_strategy_tasks":1},"seconds":436.33227}
{"at":"2026-09-08T14:20:56.227Z","id":"batch_80a1049699b94a5e9202","status":"succeeded","progress":{"shared_alpha_factor_status":"succeeded","completed_strategy_tasks":1,"total_strategy_tasks":1},"seconds":461.810523}
{"at":"2026-09-08T14:20:56.897Z","id":"batch_daae5a3839274370b709","status":"succeeded","progress":{"shared_alpha_factor_status":"succeeded","completed_strategy_tasks":1,"total_strategy_tasks":1},"seconds":451.976555}
PHASE COMPLETE
