{"at":"2026-09-08T14:28:52.436Z","id":"run_4060bcc0dfe04346b3cb","status":"running","progress":{"phase":"research","completed_warmup_sessions":19,"total_warmup_sessions":19,"completed_research_sessions":621,"total_research_sessions":4024,"committed_chunk_count":10,"last_completed_warmup_session":"2010-01-29","last_completed_research_session":"2012-08-22","remaining_duration_estimate_seconds":174,"duration_is_estimate":true},"seconds":34.301281}
{"at":"2026-09-08T14:28:53.272Z","id":"run_f65649cf3d8c411ebf1f","status":"failed","progress":{"phase":"queued","completed_warmup_sessions":0,"total_warmup_sessions":59,"completed_research_sessions":0,"total_research_sessions":3984,"committed_chunk_count":0,"last_completed_warmup_session":null,"last_completed_research_session":null,"remaining_duration_estimate_seconds":null,"duration_is_estimate":true},"seconds":1.351258}
{"at":"2026-09-08T14:28:53.775Z","id":"run_bcf4f2c2ad4e4914925b","status":"running","progress":{"phase":"research","completed_warmup_sessions":19,"total_warmup_sessions":19,"completed_research_sessions":469,"total_research_sessions":4024,"committed_chunk_count":8,"last_completed_warmup_session":"2010-01-29","last_completed_research_session":"2012-01-06","remaining_duration_estimate_seconds":247,"duration_is_estimate":true},"seconds":35.582704}
{"at":"2026-09-08T14:28:54.575Z","id":"batch_26516a552e2b46fa8c6b","status":"queued","progress":{"shared_alpha_factor_status":"pending","completed_strategy_tasks":0,"total_strategy_tasks":1},"seconds":null}
{"at":"2026-09-08T14:28:55.409Z","id":"batch_21661f02fb3646a48f75","status":"queued","progress":{"shared_alpha_factor_status":"pending","completed_strategy_tasks":0,"total_strategy_tasks":1},"seconds":null}
{"at":"2026-09-08T14:29:11.634Z","id":"run_4060bcc0dfe04346b3cb","status":"running","progress":{"phase":"research","completed_warmup_sessions":19,"total_warmup_sessions":19,"completed_research_sessions":941,"total_research_sessions":4024,"committed_chunk_count":15,"last_completed_warmup_session":"2010-01-29","last_completed_research_session":"2013-12-23","remaining_duration_estimate_seconds":171,"duration_is_estimate":true},"seconds":52.983298}
{"at":"2026-09-08T14:29:13.058Z","id":"run_bcf4f2c2ad4e4914925b","status":"running","progress":{"phase":"research","completed_warmup_sessions":19,"total_warmup_sessions":19,"completed_research_sessions":652,"total_research_sessions":4024,"committed_chunk_count":11,"last_completed_warmup_session":"2010-01-29","last_completed_research_session":"2012-10-11","remaining_duration_estimate_seconds":249,"duration_is_estimate":true},"seconds":54.030262}
{"at":"2026-09-08T14:29:13.837Z","id":"batch_26516a552e2b46fa8c6b","status":"queued","progress":{"shared_alpha_factor_status":"pending","completed_strategy_tasks":0,"total_strategy_tasks":1},"seconds":null}
{"at":"2026-09-08T14:29:15.262Z","id":"batch_21661f02fb3646a48f75","status":"queued","progress":{"shared_alpha_factor_status":"pending","completed_strategy_tasks":0,"total_strategy_tasks":1},"seconds":null}
{"at":"2026-09-08T14:29:30.920Z","id":"run_4060bcc0dfe04346b3cb","status":"running","progress":{"phase":"research","completed_warmup_sessions":19,"total_warmup_sessions":19,"completed_research_sessions":1261,"total_research_sessions":4024,"committed_chunk_count":20,"last_completed_warmup_session":"2010-01-29","last_completed_research_session":"2015-04-17","remaining_duration_estimate_seconds":157,"duration_is_estimate":true},"seconds":72.664964}
{"at":"2026-09-08T14:29:31.369Z","id":"run_bcf4f2c2ad4e4914925b","status":"running","progress":{"phase":"research","completed_warmup_sessions":19,"total_warmup_sessions":19,"completed_research_sessions":896,"total_research_sessions":4024,"committed_chunk_count":15,"last_completed_warmup_session":"2010-01-29","last_completed_research_session":"2013-10-21","remaining_duration_estimate_seconds":246,"duration_is_estimate":true},"seconds":73.184688}
{"at":"2026-09-08T14:29:31.960Z","id":"batch_26516a552e2b46fa8c6b","status":"queued","progress":{"shared_alpha_factor_status":"pending","completed_strategy_tasks":0,"total_strategy_tasks":1},"seconds":null}
{"at":"2026-09-08T14:29:32.491Z","id":"batch_21661f02fb3646a48f75","status":"queued","progress":{"shared_alpha_factor_status":"pending","completed_strategy_tasks":0,"total_strategy_tasks":1},"seconds":null}
{"at":"2026-09-08T14:29:47.986Z","id":"run_4060bcc0dfe04346b3cb","status":"running","progress":{"phase":"research","completed_warmup_sessions":19,"total_warmup_sessions":19,"completed_research_sessions":1517,"total_research_sessions":4024,"committed_chunk_count":24,"last_completed_warmup_session":"2010-01-29","last_completed_research_session":"2016-05-04","remaining_duration_estimate_seconds":146,"duration_is_estimate":true},"seconds":89.876818}
{"at":"2026-09-08T14:29:48.467Z","id":"run_bcf4f2c2ad4e4914925b","status":"running","progress":{"phase":"research","completed_warmup_sessions":19,"total_warmup_sessions":19,"completed_research_sessions":1079,"total_research_sessions":4024,"committed_chunk_count":18,"last_completed_warmup_session":"2010-01-29","last_completed_research_session":"2014-07-17","remaining_duration_estimate_seconds":238,"duration_is_estimate":true},"seconds":90.248958}
{"at":"2026-09-08T14:29:49.160Z","id":"batch_26516a552e2b46fa8c6b","status":"queued","progress":{"shared_alpha_factor_status":"pending","completed_strategy_tasks":0,"total_strategy_tasks":1},"seconds":null}
{"at":"2026-09-08T14:29:49.659Z","id":"batch_21661f02fb3646a48f75","status":"queued","progress":{"shared_alpha_factor_status":"pending","completed_strategy_tasks":0,"total_strategy_tasks":1},"seconds":null}
{"at":"2026-09-08T14:30:05.427Z","id":"run_4060bcc0dfe04346b3cb","status":"running","progress":{"phase":"research","completed_warmup_sessions":19,"total_warmup_sessions":19,"completed_research_sessions":1709,"total_research_sessions":4024,"committed_chunk_count":27,"last_completed_warmup_session":"2010-01-29","last_completed_research_session":"2017-02-17","remaining_duration_estimate_seconds":141,"duration_is_estimate":true},"seconds":107.163502}
{"at":"2026-09-08T14:30:05.984Z","id":"run_bcf4f2c2ad4e4914925b","status":"running","progress":{"phase":"research","completed_warmup_sessions":19,"total_warmup_sessions":19,"completed_research_sessions":1262,"total_research_sessions":4024,"committed_chunk_count":21,"last_completed_warmup_session":"2010-01-29","last_completed_research_session":"2015-04-20","remaining_duration_estimate_seconds":231,"duration_is_estimate":true},"seconds":107.705659}
{"at":"2026-09-08T14:30:06.511Z","id":"batch_26516a552e2b46fa8c6b","status":"queued","progress":{"shared_alpha_factor_status":"pending","completed_strategy_tasks":0,"total_strategy_tasks":1},"seconds":null}
{"at":"2026-09-08T14:30:07.174Z","id":"batch_21661f02fb3646a48f75","status":"queued","progress":{"shared_alpha_factor_status":"pending","completed_strategy_tasks":0,"total_strategy_tasks":1},"seconds":null}
{"at":"2026-09-08T14:30:22.677Z","id":"run_4060bcc0dfe04346b3cb","status":"running","progress":{"phase":"research","completed_warmup_sessions":19,"total_warmup_sessions":19,"completed_research_sessions":1965,"total_research_sessions":4024,"committed_chunk_count":31,"last_completed_warmup_session":"2010-01-29","last_completed_research_session":"2018-03-06","remaining_duration_estimate_seconds":132,"duration_is_estimate":true},"seconds":124.614571}
{"at":"2026-09-08T14:30:23.276Z","id":"run_bcf4f2c2ad4e4914925b","status":"running","progress":{"phase":"research","completed_warmup_sessions":19,"total_warmup_sessions":19,"completed_research_sessions":1445,"total_research_sessions":4024,"committed_chunk_count":24,"last_completed_warmup_session":"2010-01-29","last_completed_research_session":"2016-01-14","remaining_duration_estimate_seconds":221,"duration_is_estimate":true},"seconds":124.968409}
{"at":"2026-09-08T14:30:23.864Z","id":"batch_26516a552e2b46fa8c6b","status":"queued","progress":{"shared_alpha_factor_status":"pending","completed_strategy_tasks":0,"total_strategy_tasks":1},"seconds":null}
{"at":"2026-09-08T14:30:24.558Z","id":"batch_21661f02fb3646a48f75","status":"queued","progress":{"shared_alpha_factor_status":"pending","completed_strategy_tasks":0,"total_strategy_tasks":1},"seconds":null}
{"at":"2026-09-08T14:30:40.658Z","id":"run_4060bcc0dfe04346b3cb","status":"running","progress":{"phase":"research","completed_warmup_sessions":19,"total_warmup_sessions":19,"completed_research_sessions":2157,"total_research_sessions":4024,"committed_chunk_count":34,"last_completed_warmup_session":"2010-01-29","last_completed_research_session":"2018-12-14","remaining_duration_estimate_seconds":123,"duration_is_estimate":true},"seconds":142.105699}
{"at":"2026-09-08T14:30:41.492Z","id":"run_bcf4f2c2ad4e4914925b","status":"running","progress":{"phase":"research","completed_warmup_sessions":19,"total_warmup_sessions":19,"completed_research_sessions":1628,"total_research_sessions":4024,"committed_chunk_count":27,"last_completed_warmup_session":"2010-01-29","last_completed_research_session":"2016-10-19","remaining_duration_estimate_seconds":211,"duration_is_estimate":true},"seconds":143.08653}
{"at":"2026-09-08T14:30:42.349Z","id":"batch_26516a552e2b46fa8c6b","status":"queued","progress":{"shared_alpha_factor_status":"pending","completed_strategy_tasks":0,"total_strategy_tasks":1},"seconds":null}
{"at":"2026-09-08T14:30:43.399Z","id":"batch_21661f02fb3646a48f75","status":"queued","progress":{"shared_alpha_factor_status":"pending","completed_strategy_tasks":0,"total_strategy_tasks":1},"seconds":null}
{"at":"2026-09-08T14:30:59.026Z","id":"run_4060bcc0dfe04346b3cb","status":"running","progress":{"phase":"research","completed_warmup_sessions":19,"total_warmup_sessions":19,"completed_research_sessions":2413,"total_research_sessions":4024,"committed_chunk_count":38,"last_completed_warmup_session":"2010-01-29","last_completed_research_session":"2020-01-03","remaining_duration_estimate_seconds":110,"duration_is_estimate":true},"seconds":160.957249}
{"at":"2026-09-08T14:30:59.642Z","id":"run_bcf4f2c2ad4e4914925b","status":"running","progress":{"phase":"research","completed_warmup_sessions":19,"total_warmup_sessions":19,"completed_research_sessions":1750,"total_research_sessions":4024,"committed_chunk_count":29,"last_completed_warmup_session":"2010-01-29","last_completed_research_session":"2017-04-19","remaining_duration_estimate_seconds":205,"duration_is_estimate":true},"seconds":161.454357}
{"at":"2026-09-08T14:31:00.684Z","id":"batch_26516a552e2b46fa8c6b","status":"queued","progress":{"shared_alpha_factor_status":"pending","completed_strategy_tasks":0,"total_strategy_tasks":1},"seconds":null}
{"at":"2026-09-08T14:31:01.282Z","id":"batch_21661f02fb3646a48f75","status":"queued","progress":{"shared_alpha_factor_status":"pending","completed_strategy_tasks":0,"total_strategy_tasks":1},"seconds":null}
{"at":"2026-09-08T14:31:17.150Z","id":"run_4060bcc0dfe04346b3cb","status":"running","progress":{"phase":"research","completed_warmup_sessions":19,"total_warmup_sessions":19,"completed_research_sessions":2605,"total_research_sessions":4024,"committed_chunk_count":41,"last_completed_warmup_session":"2010-01-29","last_completed_research_session":"2020-10-23","remaining_duration_estimate_seconds":100,"duration_is_estimate":true},"seconds":179.101676}
{"at":"2026-09-08T14:31:18.173Z","id":"run_bcf4f2c2ad4e4914925b","status":"running","progress":{"phase":"research","completed_warmup_sessions":19,"total_warmup_sessions":19,"completed_research_sessions":1933,"total_research_sessions":4024,"committed_chunk_count":32,"last_completed_warmup_session":"2010-01-29","last_completed_research_session":"2018-01-12","remaining_duration_estimate_seconds":196,"duration_is_estimate":true},"seconds":179.565421}
{"at":"2026-09-08T14:31:19.302Z","id":"batch_26516a552e2b46fa8c6b","status":"running","progress":{"shared_alpha_factor_status":"running","completed_strategy_tasks":0,"total_strategy_tasks":1},"seconds":13.821647}
{"at":"2026-09-08T14:31:19.903Z","id":"batch_21661f02fb3646a48f75","status":"running","progress":{"shared_alpha_factor_status":"running","completed_strategy_tasks":0,"total_strategy_tasks":1},"seconds":13.777684}
{"at":"2026-09-08T14:31:35.459Z","id":"run_4060bcc0dfe04346b3cb","status":"running","progress":{"phase":"research","completed_warmup_sessions":19,"total_warmup_sessions":19,"completed_research_sessions":2861,"total_research_sessions":4024,"committed_chunk_count":45,"last_completed_warmup_session":"2010-01-29","last_completed_research_session":"2021-11-11","remaining_duration_estimate_seconds":84,"duration_is_estimate":true},"seconds":197.327641}
{"at":"2026-09-08T14:31:36.363Z","id":"run_bcf4f2c2ad4e4914925b","status":"running","progress":{"phase":"research","completed_warmup_sessions":19,"total_warmup_sessions":19,"completed_research_sessions":2055,"total_research_sessions":4024,"committed_chunk_count":34,"last_completed_warmup_session":"2010-01-29","last_completed_research_session":"2018-07-17","remaining_duration_estimate_seconds":189,"duration_is_estimate":true},"seconds":197.749097}
{"at":"2026-09-08T14:31:36.916Z","id":"batch_26516a552e2b46fa8c6b","status":"running","progress":{"shared_alpha_factor_status":"running","completed_strategy_tasks":0,"total_strategy_tasks":1},"seconds":31.808466}
{"at":"2026-09-08T14:31:37.549Z","id":"batch_21661f02fb3646a48f75","status":"running","progress":{"shared_alpha_factor_status":"running","completed_strategy_tasks":0,"total_strategy_tasks":1},"seconds":31.246586}
{"at":"2026-09-08T14:31:53.179Z","id":"run_4060bcc0dfe04346b3cb","status":"running","progress":{"phase":"research","completed_warmup_sessions":19,"total_warmup_sessions":19,"completed_research_sessions":3053,"total_research_sessions":4024,"committed_chunk_count":48,"last_completed_warmup_session":"2010-01-29","last_completed_research_session":"2022-08-24","remaining_duration_estimate_seconds":72,"duration_is_estimate":true},"seconds":214.992407}
{"at":"2026-09-08T14:31:54.212Z","id":"run_bcf4f2c2ad4e4914925b","status":"running","progress":{"phase":"research","completed_warmup_sessions":19,"total_warmup_sessions":19,"completed_research_sessions":2177,"total_research_sessions":4024,"committed_chunk_count":36,"last_completed_warmup_session":"2010-01-29","last_completed_research_session":"2019-01-15","remaining_duration_estimate_seconds":181,"duration_is_estimate":true},"seconds":215.510899}
{"at":"2026-09-08T14:31:54.804Z","id":"batch_26516a552e2b46fa8c6b","status":"running","progress":{"shared_alpha_factor_status":"running","completed_strategy_tasks":0,"total_strategy_tasks":1},"seconds":49.730829}
{"at":"2026-09-08T14:31:55.530Z","id":"batch_21661f02fb3646a48f75","status":"running","progress":{"shared_alpha_factor_status":"running","completed_strategy_tasks":0,"total_strategy_tasks":1},"seconds":49.228847}
{"at":"2026-09-08T14:32:11.140Z","id":"run_4060bcc0dfe04346b3cb","status":"running","progress":{"phase":"research","completed_warmup_sessions":19,"total_warmup_sessions":19,"completed_research_sessions":3181,"total_research_sessions":4024,"committed_chunk_count":50,"last_completed_warmup_session":"2010-01-29","last_completed_research_session":"2023-03-08","remaining_duration_estimate_seconds":64,"duration_is_estimate":true},"seconds":232.956403}
{"at":"2026-09-08T14:32:11.796Z","id":"run_bcf4f2c2ad4e4914925b","status":"running","progress":{"phase":"research","completed_warmup_sessions":19,"total_warmup_sessions":19,"completed_research_sessions":2299,"total_research_sessions":4024,"committed_chunk_count":38,"last_completed_warmup_session":"2010-01-29","last_completed_research_session":"2019-07-18","remaining_duration_estimate_seconds":174,"duration_is_estimate":true},"seconds":233.422124}
{"at":"2026-09-08T14:32:12.485Z","id":"batch_26516a552e2b46fa8c6b","status":"running","progress":{"shared_alpha_factor_status":"running","completed_strategy_tasks":0,"total_strategy_tasks":1},"seconds":67.364958}
{"at":"2026-09-08T14:32:13.120Z","id":"batch_21661f02fb3646a48f75","status":"running","progress":{"shared_alpha_factor_status":"running","completed_strategy_tasks":0,"total_strategy_tasks":1},"seconds":66.83584}
{"at":"2026-09-08T14:32:30.250Z","id":"run_4060bcc0dfe04346b3cb","status":"running","progress":{"phase":"research","completed_warmup_sessions":19,"total_warmup_sessions":19,"completed_research_sessions":3437,"total_research_sessions":4024,"committed_chunk_count":54,"last_completed_warmup_session":"2010-01-29","last_completed_research_session":"2024-03-27","remaining_duration_estimate_seconds":47,"duration_is_estimate":true},"seconds":251.749541}
{"at":"2026-09-08T14:32:30.773Z","id":"run_bcf4f2c2ad4e4914925b","status":"running","progress":{"phase":"research","completed_warmup_sessions":19,"total_warmup_sessions":19,"completed_research_sessions":2482,"total_research_sessions":4024,"committed_chunk_count":41,"last_completed_warmup_session":"2010-01-29","last_completed_research_session":"2020-04-20","remaining_duration_estimate_seconds":160,"duration_is_estimate":true},"seconds":252.537874}
{"at":"2026-09-08T14:32:31.292Z","id":"batch_26516a552e2b46fa8c6b","status":"running","progress":{"shared_alpha_factor_status":"running","completed_strategy_tasks":0,"total_strategy_tasks":1},"seconds":86.212988}
{"at":"2026-09-08T14:32:32.702Z","id":"batch_21661f02fb3646a48f75","status":"running","progress":{"shared_alpha_factor_status":"running","completed_strategy_tasks":0,"total_strategy_tasks":1},"seconds":85.587539}
{"at":"2026-09-08T14:32:48.289Z","id":"run_4060bcc0dfe04346b3cb","status":"running","progress":{"phase":"research","completed_warmup_sessions":19,"total_warmup_sessions":19,"completed_research_sessions":3629,"total_research_sessions":4024,"committed_chunk_count":57,"last_completed_warmup_session":"2010-01-29","last_completed_research_session":"2025-01-09","remaining_duration_estimate_seconds":33,"duration_is_estimate":true},"seconds":270.123118}
{"at":"2026-09-08T14:32:48.732Z","id":"run_bcf4f2c2ad4e4914925b","status":"running","progress":{"phase":"research","completed_warmup_sessions":19,"total_warmup_sessions":19,"completed_research_sessions":2604,"total_research_sessions":4024,"committed_chunk_count":43,"last_completed_warmup_session":"2010-01-29","last_completed_research_session":"2020-10-22","remaining_duration_estimate_seconds":150,"duration_is_estimate":true},"seconds":270.561227}
{"at":"2026-09-08T14:32:49.207Z","id":"batch_26516a552e2b46fa8c6b","status":"running","progress":{"shared_alpha_factor_status":"running","completed_strategy_tasks":0,"total_strategy_tasks":1},"seconds":104.139944}
{"at":"2026-09-08T14:32:49.685Z","id":"batch_21661f02fb3646a48f75","status":"running","progress":{"shared_alpha_factor_status":"running","completed_strategy_tasks":0,"total_strategy_tasks":1},"seconds":103.549923}
{"at":"2026-09-08T14:33:05.298Z","id":"run_4060bcc0dfe04346b3cb","status":"running","progress":{"phase":"research","completed_warmup_sessions":19,"total_warmup_sessions":19,"completed_research_sessions":3821,"total_research_sessions":4024,"committed_chunk_count":60,"last_completed_warmup_session":"2010-01-29","last_completed_research_session":"2025-10-29","remaining_duration_estimate_seconds":19,"duration_is_estimate":true},"seconds":287.140107}
{"at":"2026-09-08T14:33:06.080Z","id":"run_bcf4f2c2ad4e4914925b","status":"running","progress":{"phase":"research","completed_warmup_sessions":19,"total_warmup_sessions":19,"completed_research_sessions":2726,"total_research_sessions":4024,"committed_chunk_count":45,"last_completed_warmup_session":"2010-01-29","last_completed_research_session":"2021-04-21","remaining_duration_estimate_seconds":139,"duration_is_estimate":true},"seconds":287.607765}
{"at":"2026-09-08T14:33:06.566Z","id":"batch_26516a552e2b46fa8c6b","status":"running","progress":{"shared_alpha_factor_status":"running","completed_strategy_tasks":0,"total_strategy_tasks":1},"seconds":121.53883}
{"at":"2026-09-08T14:33:07.251Z","id":"batch_21661f02fb3646a48f75","status":"running","progress":{"shared_alpha_factor_status":"running","completed_strategy_tasks":0,"total_strategy_tasks":1},"seconds":120.90712}
{"at":"2026-09-08T14:33:23.026Z","id":"run_4060bcc0dfe04346b3cb","status":"succeeded","progress":{"phase":"succeeded","completed_warmup_sessions":19,"total_warmup_sessions":19,"completed_research_sessions":4024,"total_research_sessions":4024,"committed_chunk_count":64,"last_completed_warmup_session":"2010-01-29","last_completed_research_session":"2026-08-27","remaining_duration_estimate_seconds":null,"duration_is_estimate":true},"seconds":301.674532}
{"at":"2026-09-08T14:33:23.907Z","id":"run_bcf4f2c2ad4e4914925b","status":"running","progress":{"phase":"research","completed_warmup_sessions":19,"total_warmup_sessions":19,"completed_research_sessions":2848,"total_research_sessions":4024,"committed_chunk_count":47,"last_completed_warmup_session":"2010-01-29","last_completed_research_session":"2021-10-25","remaining_duration_estimate_seconds":128,"duration_is_estimate":true},"seconds":305.30064}
{"at":"2026-09-08T14:33:24.376Z","id":"batch_26516a552e2b46fa8c6b","status":"running","progress":{"shared_alpha_factor_status":"running","completed_strategy_tasks":0,"total_strategy_tasks":1},"seconds":139.348426}
{"at":"2026-09-08T14:33:25.053Z","id":"batch_21661f02fb3646a48f75","status":"running","progress":{"shared_alpha_factor_status":"running","completed_strategy_tasks":0,"total_strategy_tasks":1},"seconds":138.720031}
{"at":"2026-09-08T14:33:40.866Z","id":"run_bcf4f2c2ad4e4914925b","status":"running","progress":{"phase":"research","completed_warmup_sessions":19,"total_warmup_sessions":19,"completed_research_sessions":3031,"total_research_sessions":4024,"committed_chunk_count":50,"last_completed_warmup_session":"2010-01-29","last_completed_research_session":"2022-07-25","remaining_duration_estimate_seconds":111,"duration_is_estimate":true},"seconds":322.479443}
{"at":"2026-09-08T14:33:41.862Z","id":"batch_26516a552e2b46fa8c6b","status":"running","progress":{"shared_alpha_factor_status":"running","completed_strategy_tasks":0,"total_strategy_tasks":1},"seconds":156.433526}
{"at":"2026-09-08T14:33:42.660Z","id":"batch_21661f02fb3646a48f75","status":"running","progress":{"shared_alpha_factor_status":"running","completed_strategy_tasks":0,"total_strategy_tasks":1},"seconds":156.333341}
{"at":"2026-09-08T14:34:00.404Z","id":"run_bcf4f2c2ad4e4914925b","status":"running","progress":{"phase":"research","completed_warmup_sessions":19,"total_warmup_sessions":19,"completed_research_sessions":3153,"total_research_sessions":4024,"committed_chunk_count":52,"last_completed_warmup_session":"2010-01-29","last_completed_research_session":"2023-01-20","remaining_duration_estimate_seconds":99,"duration_is_estimate":true},"seconds":340.110708}
{"at":"2026-09-08T14:34:01.689Z","id":"batch_26516a552e2b46fa8c6b","status":"running","progress":{"shared_alpha_factor_status":"running","completed_strategy_tasks":0,"total_strategy_tasks":1},"seconds":175.988266}
{"at":"2026-09-08T14:34:02.695Z","id":"batch_21661f02fb3646a48f75","status":"running","progress":{"shared_alpha_factor_status":"running","completed_strategy_tasks":0,"total_strategy_tasks":1},"seconds":176.152037}
{"at":"2026-09-08T14:34:20.402Z","id":"run_bcf4f2c2ad4e4914925b","status":"running","progress":{"phase":"research","completed_warmup_sessions":19,"total_warmup_sessions":19,"completed_research_sessions":3275,"total_research_sessions":4024,"committed_chunk_count":54,"last_completed_warmup_session":"2010-01-29","last_completed_research_session":"2023-07-26","remaining_duration_estimate_seconds":87,"duration_is_estimate":true},"seconds":360.128201}
{"at":"2026-09-08T14:34:21.000Z","id":"batch_26516a552e2b46fa8c6b","status":"running","progress":{"shared_alpha_factor_status":"running","completed_strategy_tasks":0,"total_strategy_tasks":1},"seconds":195.97796}
{"at":"2026-09-08T14:34:21.819Z","id":"batch_21661f02fb3646a48f75","status":"running","progress":{"shared_alpha_factor_status":"running","completed_strategy_tasks":0,"total_strategy_tasks":1},"seconds":195.47357}
{"at":"2026-09-08T14:34:37.472Z","id":"run_bcf4f2c2ad4e4914925b","status":"running","progress":{"phase":"research","completed_warmup_sessions":19,"total_warmup_sessions":19,"completed_research_sessions":3397,"total_research_sessions":4024,"committed_chunk_count":56,"last_completed_warmup_session":"2010-01-29","last_completed_research_session":"2024-01-23","remaining_duration_estimate_seconds":75,"duration_is_estimate":true},"seconds":379.175933}
{"at":"2026-09-08T14:34:38.490Z","id":"batch_26516a552e2b46fa8c6b","status":"running","progress":{"shared_alpha_factor_status":"running","completed_strategy_tasks":0,"total_strategy_tasks":1},"seconds":213.113089}
{"at":"2026-09-08T14:34:39.057Z","id":"batch_21661f02fb3646a48f75","status":"running","progress":{"shared_alpha_factor_status":"running","completed_strategy_tasks":0,"total_strategy_tasks":1},"seconds":212.914393}
{"at":"2026-09-08T14:34:55.061Z","id":"run_bcf4f2c2ad4e4914925b","status":"running","progress":{"phase":"research","completed_warmup_sessions":19,"total_warmup_sessions":19,"completed_research_sessions":3519,"total_research_sessions":4024,"committed_chunk_count":58,"last_completed_warmup_session":"2010-01-29","last_completed_research_session":"2024-07-29","remaining_duration_estimate_seconds":62,"duration_is_estimate":true},"seconds":396.66712}
{"at":"2026-09-08T14:34:55.799Z","id":"batch_26516a552e2b46fa8c6b","status":"running","progress":{"shared_alpha_factor_status":"running","completed_strategy_tasks":0,"total_strategy_tasks":1},"seconds":230.532438}
{"at":"2026-09-08T14:34:56.392Z","id":"batch_21661f02fb3646a48f75","status":"running","progress":{"shared_alpha_factor_status":"running","completed_strategy_tasks":0,"total_strategy_tasks":1},"seconds":230.193236}
{"at":"2026-09-08T14:35:12.181Z","id":"run_bcf4f2c2ad4e4914925b","status":"running","progress":{"phase":"research","completed_warmup_sessions":19,"total_warmup_sessions":19,"completed_research_sessions":3580,"total_research_sessions":4024,"committed_chunk_count":59,"last_completed_warmup_session":"2010-01-29","last_completed_research_session":"2024-10-31","remaining_duration_estimate_seconds":56,"duration_is_estimate":true},"seconds":413.766496}
{"at":"2026-09-08T14:35:13.023Z","id":"batch_26516a552e2b46fa8c6b","status":"running","progress":{"shared_alpha_factor_status":"running","completed_strategy_tasks":0,"total_strategy_tasks":1},"seconds":247.61215}
{"at":"2026-09-08T14:35:14.064Z","id":"batch_21661f02fb3646a48f75","status":"running","progress":{"shared_alpha_factor_status":"running","completed_strategy_tasks":0,"total_strategy_tasks":1},"seconds":247.40016}
{"at":"2026-09-08T14:35:29.659Z","id":"run_bcf4f2c2ad4e4914925b","status":"running","progress":{"phase":"research","completed_warmup_sessions":19,"total_warmup_sessions":19,"completed_research_sessions":3702,"total_research_sessions":4024,"committed_chunk_count":61,"last_completed_warmup_session":"2010-01-29","last_completed_research_session":"2025-05-06","remaining_duration_estimate_seconds":43,"duration_is_estimate":true},"seconds":431.380863}
{"at":"2026-09-08T14:35:30.258Z","id":"batch_26516a552e2b46fa8c6b","status":"running","progress":{"shared_alpha_factor_status":"running","completed_strategy_tasks":0,"total_strategy_tasks":1},"seconds":265.13433}
{"at":"2026-09-08T14:35:30.914Z","id":"batch_21661f02fb3646a48f75","status":"running","progress":{"shared_alpha_factor_status":"running","completed_strategy_tasks":0,"total_strategy_tasks":1},"seconds":264.557543}
{"at":"2026-09-08T14:35:46.646Z","id":"run_bcf4f2c2ad4e4914925b","status":"running","progress":{"phase":"research","completed_warmup_sessions":19,"total_warmup_sessions":19,"completed_research_sessions":3824,"total_research_sessions":4024,"committed_chunk_count":63,"last_completed_warmup_session":"2010-01-29","last_completed_research_session":"2025-11-03","remaining_duration_estimate_seconds":29,"duration_is_estimate":true},"seconds":448.200004}
{"at":"2026-09-08T14:35:47.177Z","id":"batch_26516a552e2b46fa8c6b","status":"running","progress":{"shared_alpha_factor_status":"running","completed_strategy_tasks":0,"total_strategy_tasks":1},"seconds":282.092924}
{"at":"2026-09-08T14:35:47.790Z","id":"batch_21661f02fb3646a48f75","status":"running","progress":{"shared_alpha_factor_status":"running","completed_strategy_tasks":0,"total_strategy_tasks":1},"seconds":281.499813}
{"at":"2026-09-08T14:36:03.439Z","id":"run_bcf4f2c2ad4e4914925b","status":"running","progress":{"phase":"research","completed_warmup_sessions":19,"total_warmup_sessions":19,"completed_research_sessions":3946,"total_research_sessions":4024,"committed_chunk_count":65,"last_completed_warmup_session":"2010-01-29","last_completed_research_session":"2026-05-08","remaining_duration_estimate_seconds":15,"duration_is_estimate":true},"seconds":465.187944}
{"at":"2026-09-08T14:36:04.107Z","id":"batch_26516a552e2b46fa8c6b","status":"running","progress":{"shared_alpha_factor_status":"running","completed_strategy_tasks":0,"total_strategy_tasks":1},"seconds":298.889565}
{"at":"2026-09-08T14:36:04.612Z","id":"batch_21661f02fb3646a48f75","status":"running","progress":{"shared_alpha_factor_status":"running","completed_strategy_tasks":0,"total_strategy_tasks":1},"seconds":298.449264}
{"at":"2026-09-08T14:36:20.501Z","id":"run_bcf4f2c2ad4e4914925b","status":"succeeded","progress":{"phase":"succeeded","completed_warmup_sessions":19,"total_warmup_sessions":19,"completed_research_sessions":4024,"total_research_sessions":4024,"committed_chunk_count":67,"last_completed_warmup_session":"2010-01-29","last_completed_research_session":"2026-08-27","remaining_duration_estimate_seconds":null,"duration_is_estimate":true},"seconds":478.699765}
{"at":"2026-09-08T14:36:21.007Z","id":"batch_26516a552e2b46fa8c6b","status":"running","progress":{"shared_alpha_factor_status":"running","completed_strategy_tasks":0,"total_strategy_tasks":1},"seconds":315.927426}
{"at":"2026-09-08T14:36:21.488Z","id":"batch_21661f02fb3646a48f75","status":"running","progress":{"shared_alpha_factor_status":"running","completed_strategy_tasks":0,"total_strategy_tasks":1},"seconds":315.320239}
{"at":"2026-09-08T14:36:37.372Z","id":"batch_26516a552e2b46fa8c6b","status":"running","progress":{"shared_alpha_factor_status":"running","completed_strategy_tasks":0,"total_strategy_tasks":1},"seconds":332.014399}
{"at":"2026-09-08T14:36:38.904Z","id":"batch_21661f02fb3646a48f75","status":"running","progress":{"shared_alpha_factor_status":"running","completed_strategy_tasks":0,"total_strategy_tasks":1},"seconds":332.618126}
{"at":"2026-09-08T14:36:54.594Z","id":"batch_26516a552e2b46fa8c6b","status":"running","progress":{"shared_alpha_factor_status":"succeeded","completed_strategy_tasks":0,"total_strategy_tasks":1},"seconds":349.441087}
{"at":"2026-09-08T14:36:55.489Z","id":"batch_21661f02fb3646a48f75","status":"running","progress":{"shared_alpha_factor_status":"succeeded","completed_strategy_tasks":0,"total_strategy_tasks":1},"seconds":349.163495}
{"at":"2026-09-08T14:37:11.090Z","id":"batch_26516a552e2b46fa8c6b","status":"running","progress":{"shared_alpha_factor_status":"succeeded","completed_strategy_tasks":0,"total_strategy_tasks":1},"seconds":365.944966}
{"at":"2026-09-08T14:37:11.548Z","id":"batch_21661f02fb3646a48f75","status":"running","progress":{"shared_alpha_factor_status":"succeeded","completed_strategy_tasks":0,"total_strategy_tasks":1},"seconds":365.426935}
{"at":"2026-09-08T14:37:27.285Z","id":"batch_26516a552e2b46fa8c6b","status":"running","progress":{"shared_alpha_factor_status":"succeeded","completed_strategy_tasks":0,"total_strategy_tasks":1},"seconds":382.039749}
{"at":"2026-09-08T14:37:27.942Z","id":"batch_21661f02fb3646a48f75","status":"running","progress":{"shared_alpha_factor_status":"succeeded","completed_strategy_tasks":0,"total_strategy_tasks":1},"seconds":381.645184}
{"at":"2026-09-08T14:37:43.602Z","id":"batch_26516a552e2b46fa8c6b","status":"running","progress":{"shared_alpha_factor_status":"succeeded","completed_strategy_tasks":0,"total_strategy_tasks":1},"seconds":398.410281}
{"at":"2026-09-08T14:37:44.259Z","id":"batch_21661f02fb3646a48f75","status":"running","progress":{"shared_alpha_factor_status":"succeeded","completed_strategy_tasks":0,"total_strategy_tasks":1},"seconds":397.95641}
{"at":"2026-09-08T14:38:00.406Z","id":"batch_26516a552e2b46fa8c6b","status":"running","progress":{"shared_alpha_factor_status":"succeeded","completed_strategy_tasks":0,"total_strategy_tasks":1},"seconds":414.915789}
{"at":"2026-09-08T14:38:01.225Z","id":"batch_21661f02fb3646a48f75","status":"running","progress":{"shared_alpha_factor_status":"succeeded","completed_strategy_tasks":0,"total_strategy_tasks":1},"seconds":414.902708}
{"at":"2026-09-08T14:38:16.915Z","id":"batch_26516a552e2b46fa8c6b","status":"running","progress":{"shared_alpha_factor_status":"succeeded","completed_strategy_tasks":0,"total_strategy_tasks":1},"seconds":431.871099}
{"at":"2026-09-08T14:38:18.069Z","id":"batch_21661f02fb3646a48f75","status":"running","progress":{"shared_alpha_factor_status":"succeeded","completed_strategy_tasks":0,"total_strategy_tasks":1},"seconds":431.475491}
{"at":"2026-09-08T14:38:33.821Z","id":"batch_26516a552e2b46fa8c6b","status":"running","progress":{"shared_alpha_factor_status":"succeeded","completed_strategy_tasks":0,"total_strategy_tasks":1},"seconds":448.572305}
{"at":"2026-09-08T14:38:34.341Z","id":"batch_21661f02fb3646a48f75","status":"running","progress":{"shared_alpha_factor_status":"succeeded","completed_strategy_tasks":0,"total_strategy_tasks":1},"seconds":448.177687}
{"at":"2026-09-08T14:38:49.857Z","id":"batch_26516a552e2b46fa8c6b","status":"running","progress":{"shared_alpha_factor_status":"succeeded","completed_strategy_tasks":0,"total_strategy_tasks":1},"seconds":464.774774}
{"at":"2026-09-08T14:38:50.817Z","id":"batch_21661f02fb3646a48f75","status":"running","progress":{"shared_alpha_factor_status":"succeeded","completed_strategy_tasks":0,"total_strategy_tasks":1},"seconds":464.210586}
{"at":"2026-09-08T14:39:06.553Z","id":"batch_26516a552e2b46fa8c6b","status":"running","progress":{"shared_alpha_factor_status":"succeeded","completed_strategy_tasks":0,"total_strategy_tasks":1},"seconds":481.403684}
{"at":"2026-09-08T14:39:07.727Z","id":"batch_21661f02fb3646a48f75","status":"running","progress":{"shared_alpha_factor_status":"succeeded","completed_strategy_tasks":0,"total_strategy_tasks":1},"seconds":480.958229}
{"at":"2026-09-08T14:39:23.544Z","id":"batch_26516a552e2b46fa8c6b","status":"running","progress":{"shared_alpha_factor_status":"succeeded","completed_strategy_tasks":0,"total_strategy_tasks":1},"seconds":498.294431}
{"at":"2026-09-08T14:39:24.334Z","id":"batch_21661f02fb3646a48f75","status":"running","progress":{"shared_alpha_factor_status":"succeeded","completed_strategy_tasks":0,"total_strategy_tasks":1},"seconds":498.030152}
{"at":"2026-09-08T14:39:45.244Z","id":"batch_26516a552e2b46fa8c6b","status":"succeeded","progress":{"shared_alpha_factor_status":"succeeded","completed_strategy_tasks":1,"total_strategy_tasks":1},"seconds":516.112251}
{"at":"2026-09-08T14:39:46.233Z","id":"batch_21661f02fb3646a48f75","status":"succeeded","progress":{"shared_alpha_factor_status":"succeeded","completed_strategy_tasks":1,"total_strategy_tasks":1},"seconds":515.408644}
PHASE COMPLETE
